// Jest Snapshot v1, https://goo.gl/fbAQLP

exports[`CardTable > TableDataCell.vue renders OXD CardTable > TableDataCell 1`] = `<div role="cell"></div>`;
